2026-06-07T17:04:56.2645375Z,Updating submodules.,f9cb13c6-dc99-41f4-89f6-21aa047c6669,0
2026-06-07T17:04:57.3769008Z,Preparing deployment for commit id 'c37e185d-b'.,3a425c17-294f-4dcf-8220-30d48e88d1b0,0
2026-06-07T17:04:57.6669269Z,PreDeployment: context.CleanOutputPath False,d8429d5d-7081-48b3-8b27-a74629e341da,0
2026-06-07T17:04:57.7816920Z,PreDeployment: context.OutputPath /home/site/wwwroot,ebcb0688-db63-49ef-bfb2-8fa8ddf39323,0
2026-06-07T17:04:57.9091473Z,Generating deployment script.,7bc6a9e4-7539-4e6f-99f2-a72505ae281f,0
2026-06-07T17:04:58.0253442Z,Running deployment command...,3da38efe-7aa3-44b5-8161-507b7c1607cf,0
	2026-06-07T17:04:58.0283623Z,Command: /opt/Kudu/Scripts/parallel_rsync.sh /tmp/zipdeploy/extracted /home/site/wwwroot 8 /tmp/ False True  ,,0
	2026-06-07T17:04:58.8817048Z,Run rsync from: /tmp/zipdeploy/extracted/ to: /home/site/wwwroot/ in 8 parallel threads,,0
	2026-06-07T17:04:58.8927651Z,Delete options: clean=False&comma; use manifest=True&comma; directory to ignore=,,0
	2026-06-07T17:04:58.9036967Z,Prev manifest = /home/site/deployments/100e2818-d4e2-4415-855b-4b83b277365a/manifest and next /home/site/deployments/c37e185d-bd53-4f3b-a37d-e5403e39ce9e/manifest,,0
	2026-06-07T17:04:58.9064924Z,Cleaning up /tmp//filelist.txt and /tmp//splits,,0
	2026-06-07T17:04:58.9133135Z,Creating a list of all files at /tmp//filelist.txt,,0
	2026-06-07T17:04:58.9337462Z,No directory to exclude.,,0
	2026-06-07T17:04:58.9453767Z,Created /tmp//filelist.txt. Total number of files to be synced = 47.,,0
	2026-06-07T17:04:58.9552961Z,Created batches from the list of files. Processing 6 files in each thread,,0
	2026-06-07T17:04:58.9579576Z,Running rsync for filelist /tmp//splits/split.aa from /tmp/zipdeploy/extracted/ to /home/site/wwwroot/,,0
	2026-06-07T17:04:58.9648126Z,Running rsync for filelist /tmp//splits/split.ab from /tmp/zipdeploy/extracted/ to /home/site/wwwroot/,,0
	2026-06-07T17:04:58.9676543Z,Running rsync for filelist /tmp//splits/split.ac from /tmp/zipdeploy/extracted/ to /home/site/wwwroot/,,0
	2026-06-07T17:04:58.9702071Z,Running rsync for filelist /tmp//splits/split.ad from /tmp/zipdeploy/extracted/ to /home/site/wwwroot/,,0
	2026-06-07T17:04:58.9838702Z,,,0
	2026-06-07T17:04:59.0056712Z,Number of files: 8 (reg: 6&comma; dir: 2),,0
	2026-06-07T17:04:59.0536176Z,Number of created files: 0,,0
	2026-06-07T17:04:59.0739213Z,Number of deleted files: 0,,0
	2026-06-07T17:04:59.0773437Z,Number of regular files transferred: 0,,0
	2026-06-07T17:04:59.0800865Z,Total file size: 3.06K bytes,,0
	2026-06-07T17:04:59.0856113Z,Total transferred file size: 0 bytes,,0
	2026-06-07T17:04:59.0883117Z,Literal data: 0 bytes,,0
	2026-06-07T17:04:59.0923712Z,Matched data: 0 bytes,,0
	2026-06-07T17:04:59.0948385Z,File list size: 0,,0
	2026-06-07T17:04:59.0978137Z,File list generation time: 0.001 seconds,,0
	2026-06-07T17:04:59.1004440Z,File list transfer time: 0.000 seconds,,0
	2026-06-07T17:04:59.1048200Z,Total bytes sent: 282,,0
	2026-06-07T17:04:59.1077597Z,Total bytes received: 40,,0
	2026-06-07T17:04:59.1231283Z,,,0
	2026-06-07T17:04:59.1345016Z,sent 282 bytes  received 40 bytes  644.00 bytes/sec,,0
	2026-06-07T17:04:59.1372705Z,total size is 3.06K  speedup is 9.49,,0
	2026-06-07T17:04:59.1426919Z,Attempt 1: Rsync for filelist /tmp//splits/split.aa completed with exit code 0,,0
	2026-06-07T17:04:59.1451337Z,Running rsync for filelist /tmp//splits/split.ae from /tmp/zipdeploy/extracted/ to /home/site/wwwroot/,,0
	2026-06-07T17:04:59.1476010Z,Running rsync for filelist /tmp//splits/split.ag from /tmp/zipdeploy/extracted/ to /home/site/wwwroot/,,0
	2026-06-07T17:04:59.1524038Z,Running rsync for filelist /tmp//splits/split.af from /tmp/zipdeploy/extracted/ to /home/site/wwwroot/,,0
	2026-06-07T17:04:59.1554121Z,Running rsync for filelist /tmp//splits/split.ah from /tmp/zipdeploy/extracted/ to /home/site/wwwroot/,,0
	2026-06-07T17:04:59.1580552Z,,,0
	2026-06-07T17:04:59.1606466Z,Number of files: 10 (reg: 6&comma; dir: 4),,0
	2026-06-07T17:04:59.1645812Z,Number of created files: 0,,0
	2026-06-07T17:04:59.1674367Z,Number of deleted files: 0,,0
	2026-06-07T17:04:59.1703115Z,Number of regular files transferred: 0,,0
	2026-06-07T17:04:59.1736904Z,Total file size: 3.89K bytes,,0
	2026-06-07T17:04:59.1764190Z,Total transferred file size: 0 bytes,,0
	2026-06-07T17:04:59.1795262Z,Literal data: 0 bytes,,0
	2026-06-07T17:04:59.1834434Z,Matched data: 0 bytes,,0
	2026-06-07T17:04:59.1866644Z,File list size: 0,,0
	2026-06-07T17:04:59.1894494Z,File list generation time: 0.001 seconds,,0
	2026-06-07T17:04:59.1927919Z,File list transfer time: 0.000 seconds,,0
	2026-06-07T17:04:59.1953934Z,Total bytes sent: 333,,0
	2026-06-07T17:04:59.1981070Z,Total bytes received: 43,,0
	2026-06-07T17:04:59.2020541Z,,,0
	2026-06-07T17:04:59.2051595Z,sent 333 bytes  received 43 bytes  752.00 bytes/sec,,0
	2026-06-07T17:04:59.2079090Z,total size is 3.89K  speedup is 10.35,,0
	2026-06-07T17:04:59.4087472Z,Attempt 1: Rsync for filelist /tmp//splits/split.ab completed with exit code 0,,0
	2026-06-07T17:04:59.4177278Z,,,0
	2026-06-07T17:04:59.4202798Z,Number of files: 14 (reg: 6&comma; dir: 8),,0
	2026-06-07T17:04:59.4239666Z,Number of created files: 0,,0
	2026-06-07T17:04:59.4263614Z,Number of deleted files: 0,,0
	2026-06-07T17:04:59.4290455Z,Number of regular files transferred: 0,,0
	2026-06-07T17:04:59.4316505Z,Total file size: 1.57K bytes,,0
	2026-06-07T17:04:59.4451240Z,Total transferred file size: 0 bytes,,0
	2026-06-07T17:04:59.4539657Z,Literal data: 0 bytes,,0
	2026-06-07T17:04:59.4565314Z,Matched data: 0 bytes,,0
	2026-06-07T17:04:59.4590344Z,File list size: 0,,0
	2026-06-07T17:04:59.4614474Z,File list generation time: 0.001 seconds,,0
	2026-06-07T17:04:59.4649667Z,File list transfer time: 0.000 seconds,,0
	2026-06-07T17:04:59.4674453Z,Total bytes sent: 617,,0
	2026-06-07T17:04:59.4722668Z,Total bytes received: 58,,0
	2026-06-07T17:04:59.4747920Z,,,0
	2026-06-07T17:04:59.4772020Z,sent 617 bytes  received 58 bytes  1.35K bytes/sec,,0
	2026-06-07T17:04:59.4799447Z,total size is 1.57K  speedup is 2.33,,0
	2026-06-07T17:04:59.4823724Z,Attempt 1: Rsync for filelist /tmp//splits/split.ad completed with exit code 0,,0
	2026-06-07T17:04:59.4865852Z,,,0
	2026-06-07T17:04:59.4890652Z,Number of files: 14 (reg: 6&comma; dir: 8),,0
	2026-06-07T17:04:59.4914351Z,Number of created files: 0,,0
	2026-06-07T17:04:59.4938989Z,Number of deleted files: 0,,0
	2026-06-07T17:04:59.4963786Z,Number of regular files transferred: 0,,0
	2026-06-07T17:04:59.4988951Z,Total file size: 2.40K bytes,,0
	2026-06-07T17:04:59.5015171Z,Total transferred file size: 0 bytes,,0
	2026-06-07T17:04:59.5042033Z,Literal data: 0 bytes,,0
	2026-06-07T17:04:59.5067007Z,Matched data: 0 bytes,,0
	2026-06-07T17:04:59.5149512Z,File list size: 0,,0
	2026-06-07T17:04:59.5349478Z,File list generation time: 0.001 seconds,,0
	2026-06-07T17:04:59.5376173Z,File list transfer time: 0.000 seconds,,0
	2026-06-07T17:04:59.5401542Z,Total bytes sent: 617,,0
	2026-06-07T17:04:59.5428558Z,Total bytes received: 58,,0
	2026-06-07T17:04:59.5459163Z,,,0
	2026-06-07T17:04:59.5489633Z,sent 617 bytes  received 58 bytes  1.35K bytes/sec,,0
	2026-06-07T17:04:59.5516271Z,total size is 2.40K  speedup is 3.56,,0
	2026-06-07T17:04:59.5542254Z,Attempt 1: Rsync for filelist /tmp//splits/split.ac completed with exit code 0,,0
	2026-06-07T17:04:59.5566948Z,,,0
	2026-06-07T17:04:59.5591689Z,Number of files: 7 (reg: 5&comma; dir: 2),,0
	2026-06-07T17:04:59.5616497Z,Number of created files: 0,,0
	2026-06-07T17:04:59.5646280Z,Number of deleted files: 0,,0
	2026-06-07T17:04:59.5671172Z,Number of regular files transferred: 0,,0
	2026-06-07T17:04:59.5696415Z,Total file size: 6.34K bytes,,0
	2026-06-07T17:04:59.5720988Z,Total transferred file size: 0 bytes,,0
	2026-06-07T17:04:59.5749251Z,Literal data: 0 bytes,,0
	2026-06-07T17:04:59.5774431Z,Matched data: 0 bytes,,0
	2026-06-07T17:04:59.5823759Z,File list size: 0,,0
	2026-06-07T17:04:59.5850937Z,File list generation time: 0.001 seconds,,0
	2026-06-07T17:04:59.5875554Z,File list transfer time: 0.000 seconds,,0
	2026-06-07T17:04:59.5900387Z,Total bytes sent: 275,,0
	2026-06-07T17:04:59.5924860Z,Total bytes received: 37,,0
	2026-06-07T17:04:59.5958497Z,,,0
	2026-06-07T17:04:59.5982837Z,sent 275 bytes  received 37 bytes  624.00 bytes/sec,,0
	2026-06-07T17:04:59.6007987Z,total size is 6.34K  speedup is 20.33,,0
	2026-06-07T17:04:59.6034239Z,Attempt 1: Rsync for filelist /tmp//splits/split.ah completed with exit code 0,,0
	2026-06-07T17:04:59.6060207Z,,,0
	2026-06-07T17:04:59.6145271Z,Number of files: 9 (reg: 6&comma; dir: 3),,0
	2026-06-07T17:04:59.6347936Z,Number of created files: 0,,0
	2026-06-07T17:04:59.6376685Z,Number of deleted files: 0,,0
	2026-06-07T17:04:59.6402395Z,Number of regular files transferred: 0,,0
	2026-06-07T17:04:59.6435169Z,Total file size: 11.27K bytes,,0
	2026-06-07T17:04:59.6467390Z,Total transferred file size: 0 bytes,,0
	2026-06-07T17:04:59.6492353Z,Literal data: 0 bytes,,0
	2026-06-07T17:04:59.6517031Z,Matched data: 0 bytes,,0
	2026-06-07T17:04:59.6542550Z,File list size: 0,,0
	2026-06-07T17:04:59.6567674Z,File list generation time: 0.001 seconds,,0
	2026-06-07T17:04:59.6593785Z,File list transfer time: 0.000 seconds,,0
	2026-06-07T17:04:59.6619129Z,Total bytes sent: 349,,0
	2026-06-07T17:04:59.6644007Z,Total bytes received: 43,,0
	2026-06-07T17:04:59.6669039Z,,,0
	2026-06-07T17:04:59.6693156Z,sent 349 bytes  received 43 bytes  784.00 bytes/sec,,0
	2026-06-07T17:04:59.6723949Z,total size is 11.27K  speedup is 28.74,,0
	2026-06-07T17:04:59.6752827Z,Attempt 1: Rsync for filelist /tmp//splits/split.af completed with exit code 0,,0
	2026-06-07T17:04:59.6780608Z,,,0
	2026-06-07T17:04:59.6805839Z,Number of files: 8 (reg: 6&comma; dir: 2),,0
	2026-06-07T17:04:59.6834252Z,Number of created files: 0,,0
	2026-06-07T17:04:59.6867190Z,Number of deleted files: 0,,0
	2026-06-07T17:04:59.6893896Z,Number of regular files transferred: 0,,0
	2026-06-07T17:04:59.6976910Z,Total file size: 8.88K bytes,,0
	2026-06-07T17:04:59.7003728Z,Total transferred file size: 0 bytes,,0
	2026-06-07T17:04:59.7031160Z,Literal data: 0 bytes,,0
	2026-06-07T17:04:59.7057283Z,Matched data: 0 bytes,,0
	2026-06-07T17:04:59.7086563Z,File list size: 0,,0
	2026-06-07T17:04:59.7252005Z,File list generation time: 0.001 seconds,,0
	2026-06-07T17:04:59.7279770Z,File list transfer time: 0.000 seconds,,0
	2026-06-07T17:04:59.7308086Z,Total bytes sent: 305,,0
	2026-06-07T17:04:59.7355385Z,Total bytes received: 40,,0
	2026-06-07T17:04:59.7390539Z,,,0
	2026-06-07T17:04:59.7426196Z,sent 305 bytes  received 40 bytes  690.00 bytes/sec,,0
	2026-06-07T17:04:59.7473327Z,total size is 8.88K  speedup is 25.74,,0
	2026-06-07T17:04:59.7497592Z,Attempt 1: Rsync for filelist /tmp//splits/split.ag completed with exit code 0,,0
	2026-06-07T17:04:59.7525631Z,,,0
	2026-06-07T17:04:59.8353243Z,Number of files: 17 (reg: 6&comma; dir: 11),,0
	2026-06-07T17:04:59.8467678Z,Number of created files: 0,,0
	2026-06-07T17:04:59.8496752Z,Number of deleted files: 0,,0
	2026-06-07T17:04:59.8524654Z,Number of regular files transferred: 0,,0
	2026-06-07T17:04:59.8562755Z,Total file size: 1.73K bytes,,0
	2026-06-07T17:04:59.8590074Z,Total transferred file size: 0 bytes,,0
	2026-06-07T17:04:59.8616694Z,Literal data: 0 bytes,,0
	2026-06-07T17:04:59.8645327Z,Matched data: 0 bytes,,0
	2026-06-07T17:04:59.8670687Z,File list size: 0,,0
	2026-06-07T17:04:59.8701229Z,File list generation time: 0.001 seconds,,0
	2026-06-07T17:04:59.8793527Z,File list transfer time: 0.000 seconds,,0
	2026-06-07T17:04:59.8820692Z,Total bytes sent: 478,,0
	2026-06-07T17:04:59.8847248Z,Total bytes received: 64,,0
	2026-06-07T17:04:59.9024483Z,,,0
	2026-06-07T17:04:59.9049916Z,sent 478 bytes  received 64 bytes  1.08K bytes/sec,,0
	2026-06-07T17:04:59.9077812Z,total size is 1.73K  speedup is 3.19,,0
	2026-06-07T17:04:59.9445581Z,Attempt 1: Rsync for filelist /tmp//splits/split.ae completed with exit code 0,,0
	2026-06-07T17:04:59.9483187Z,Deleting files not present in /tmp/zipdeploy/extracted/ from /home/site/wwwroot/ based on manifest file /home/site/deployments/100e2818-d4e2-4415-855b-4b83b277365a/manifest,,0
	2026-06-07T17:04:59.9517384Z,Number of files deleted: 0. See /tmp//rsync_deletion_logs.txt for more details.,,0
	2026-06-07T17:04:59.9572276Z,create new manifest file at /home/site/deployments/c37e185d-bd53-4f3b-a37d-e5403e39ce9e/manifest,,0
	2026-06-07T17:04:59.9602663Z,Completed successfully in 1 seconds,,0
2026-06-07T17:05:00.0591071Z,Running post deployment command(s)...,41835442-9b6a-48b6-b188-6b4f356216d2,0
2026-06-07T17:05:00.1603013Z,Triggering recycle (preview mode disabled).,784a4c9d-ddeb-452b-8234-91597b34c69d,0
2026-06-07T17:05:00.3222883Z,Deployment successful. deployer = Push-Deployer deploymentPath = ZipDeploy. Extract zip.,e18e8e66-3e57-4888-9a19-275ba4b9b138,0
