2026-06-07T17:09:48.9618449Z,Updating submodules.,0ed3da87-066e-4dd2-9d79-8fb8a7b0b993,0
2026-06-07T17:09:50.1087773Z,Preparing deployment for commit id '53482a84-f'.,de3d1832-3d8e-4670-9fa7-5cc0c1e075bc,0
2026-06-07T17:09:50.6920518Z,PreDeployment: context.CleanOutputPath False,822706e8-acec-4004-a694-644914d3779f,0
2026-06-07T17:09:50.8100696Z,PreDeployment: context.OutputPath /home/site/wwwroot,74fd0ccc-3b2d-4ac4-957e-85c52158baf0,0
2026-06-07T17:09:50.9393724Z,Generating deployment script.,fb9b1286-dff3-4db7-aa4f-add2998832ad,0
2026-06-07T17:09:51.0793536Z,Running deployment command...,99c46359-80f1-49c8-aa1c-dc8488210ddf,0
	2026-06-07T17:09:51.0827970Z,Command: /opt/Kudu/Scripts/parallel_rsync.sh /tmp/zipdeploy/extracted /home/site/wwwroot 8 /tmp/ False True  ,,0
	2026-06-07T17:09:51.1991650Z,Run rsync from: /tmp/zipdeploy/extracted/ to: /home/site/wwwroot/ in 8 parallel threads,,0
	2026-06-07T17:09:51.2468499Z,Delete options: clean=False&comma; use manifest=True&comma; directory to ignore=,,0
	2026-06-07T17:09:51.2775373Z,Prev manifest = /home/site/deployments/c37e185d-bd53-4f3b-a37d-e5403e39ce9e/manifest and next /home/site/deployments/53482a84-f60e-4bc9-872a-98e920a682f4/manifest,,0
	2026-06-07T17:09:51.3194080Z,Cleaning up /tmp//filelist.txt and /tmp//splits,,0
	2026-06-07T17:09:51.4589860Z,Creating a list of all files at /tmp//filelist.txt,,0
	2026-06-07T17:09:51.5674157Z,No directory to exclude.,,0
	2026-06-07T17:09:51.6291783Z,Created /tmp//filelist.txt. Total number of files to be synced = 54.,,0
	2026-06-07T17:09:51.7689143Z,Created batches from the list of files. Processing 7 files in each thread,,0
	2026-06-07T17:09:51.8083917Z,Running rsync for filelist /tmp//splits/split.aa from /tmp/zipdeploy/extracted/ to /home/site/wwwroot/,,0
	2026-06-07T17:09:51.8775188Z,Running rsync for filelist /tmp//splits/split.ac from /tmp/zipdeploy/extracted/ to /home/site/wwwroot/,,0
	2026-06-07T17:09:51.8975025Z,Running rsync for filelist /tmp//splits/split.ab from /tmp/zipdeploy/extracted/ to /home/site/wwwroot/,,0
	2026-06-07T17:09:51.9083858Z,Running rsync for filelist /tmp//splits/split.ad from /tmp/zipdeploy/extracted/ to /home/site/wwwroot/,,0
	2026-06-07T17:09:51.9439252Z,Running rsync for filelist /tmp//splits/split.ae from /tmp/zipdeploy/extracted/ to /home/site/wwwroot/,,0
	2026-06-07T17:09:51.9499681Z,Running rsync for filelist /tmp//splits/split.af from /tmp/zipdeploy/extracted/ to /home/site/wwwroot/,,0
	2026-06-07T17:09:51.9527489Z,Running rsync for filelist /tmp//splits/split.ah from /tmp/zipdeploy/extracted/ to /home/site/wwwroot/,,0
	2026-06-07T17:09:51.9568512Z,Running rsync for filelist /tmp//splits/split.ag from /tmp/zipdeploy/extracted/ to /home/site/wwwroot/,,0
	2026-06-07T17:09:51.9746079Z,,,0
	2026-06-07T17:09:51.9857294Z,Number of files: 13 (reg: 7&comma; dir: 6),,0
	2026-06-07T17:09:51.9899118Z,Number of created files: 0,,0
	2026-06-07T17:09:51.9970838Z,Number of deleted files: 0,,0
	2026-06-07T17:09:52.0001933Z,Number of regular files transferred: 0,,0
	2026-06-07T17:09:52.0028329Z,Total file size: 4.19K bytes,,0
	2026-06-07T17:09:52.0283373Z,Total transferred file size: 0 bytes,,0
	2026-06-07T17:09:52.0489718Z,Literal data: 0 bytes,,0
	2026-06-07T17:09:52.0647064Z,Matched data: 0 bytes,,0
	2026-06-07T17:09:52.0676075Z,File list size: 0,,0
	2026-06-07T17:09:52.0702800Z,File list generation time: 0.001 seconds,,0
	2026-06-07T17:09:52.0728645Z,File list transfer time: 0.000 seconds,,0
	2026-06-07T17:09:52.0755221Z,Total bytes sent: 437,,0
	2026-06-07T17:09:52.0783315Z,Total bytes received: 52,,0
	2026-06-07T17:09:52.0807924Z,,,0
	2026-06-07T17:09:52.0834861Z,sent 437 bytes  received 52 bytes  978.00 bytes/sec,,0
	2026-06-07T17:09:52.0974080Z,total size is 4.19K  speedup is 8.57,,0
	2026-06-07T17:09:52.1321657Z,Attempt 1: Rsync for filelist /tmp//splits/split.ab completed with exit code 0,,0
	2026-06-07T17:09:52.1455819Z,,,0
	2026-06-07T17:09:52.1565322Z,Number of files: 9 (reg: 7&comma; dir: 2),,0
	2026-06-07T17:09:52.1594830Z,Number of created files: 0,,0
	2026-06-07T17:09:52.1621470Z,Number of deleted files: 0,,0
	2026-06-07T17:09:52.1645663Z,Number of regular files transferred: 0,,0
	2026-06-07T17:09:52.1801702Z,Total file size: 9.30K bytes,,0
	2026-06-07T17:09:52.1841161Z,Total transferred file size: 0 bytes,,0
	2026-06-07T17:09:52.2031185Z,Literal data: 0 bytes,,0
	2026-06-07T17:09:52.2320962Z,Matched data: 0 bytes,,0
	2026-06-07T17:09:52.2349391Z,File list size: 0,,0
	2026-06-07T17:09:52.2719831Z,File list generation time: 0.017 seconds,,0
	2026-06-07T17:09:52.3040535Z,File list transfer time: 0.000 seconds,,0
	2026-06-07T17:09:52.3068086Z,Total bytes sent: 336,,0
	2026-06-07T17:09:52.3136114Z,Total bytes received: 43,,0
	2026-06-07T17:09:52.3437348Z,,,0
	2026-06-07T17:09:52.3667011Z,sent 336 bytes  received 43 bytes  758.00 bytes/sec,,0
	2026-06-07T17:09:52.3843171Z,total size is 9.30K  speedup is 24.55,,0
	2026-06-07T17:09:52.3868971Z,Attempt 1: Rsync for filelist /tmp//splits/split.ag completed with exit code 0,,0
	2026-06-07T17:09:52.3907441Z,,,0
	2026-06-07T17:09:52.3935748Z,Number of files: 9 (reg: 7&comma; dir: 2),,0
	2026-06-07T17:09:52.4194286Z,Number of created files: 1 (reg: 1),,0
	2026-06-07T17:09:52.4415260Z,Number of deleted files: 0,,0
	2026-06-07T17:09:52.4442990Z,Number of regular files transferred: 2,,0
	2026-06-07T17:09:52.4485930Z,Total file size: 3.06K bytes,,0
	2026-06-07T17:09:52.4512674Z,Total transferred file size: 139 bytes,,0
	2026-06-07T17:09:52.4540297Z,Literal data: 139 bytes,,0
	2026-06-07T17:09:52.4567964Z,Matched data: 0 bytes,,0
	2026-06-07T17:09:52.4593890Z,File list size: 0,,0
	2026-06-07T17:09:52.4666724Z,File list generation time: 0.001 seconds,,0
	2026-06-07T17:09:52.4693702Z,File list transfer time: 0.000 seconds,,0
	2026-06-07T17:09:52.4720511Z,Total bytes sent: 476,,0
	2026-06-07T17:09:52.4745275Z,Total bytes received: 75,,0
	2026-06-07T17:09:52.4772681Z,,,0
	2026-06-07T17:09:52.4797031Z,sent 476 bytes  received 75 bytes  1.10K bytes/sec,,0
	2026-06-07T17:09:52.4825947Z,total size is 3.06K  speedup is 5.55,,0
	2026-06-07T17:09:52.4869283Z,Attempt 1: Rsync for filelist /tmp//splits/split.aa completed with exit code 0,,0
	2026-06-07T17:09:52.4894711Z,,,0
	2026-06-07T17:09:52.4919249Z,Number of files: 7 (reg: 5&comma; dir: 2),,0
	2026-06-07T17:09:52.4944558Z,Number of created files: 0,,0
	2026-06-07T17:09:52.4969155Z,Number of deleted files: 0,,0
	2026-06-07T17:09:52.4994030Z,Number of regular files transferred: 1,,0
	2026-06-07T17:09:52.5193608Z,Total file size: 6.35K bytes,,0
	2026-06-07T17:09:52.5490244Z,Total transferred file size: 37 bytes,,0
	2026-06-07T17:09:52.5679218Z,Literal data: 37 bytes,,0
	2026-06-07T17:09:52.5706035Z,Matched data: 0 bytes,,0
	2026-06-07T17:09:52.5731706Z,File list size: 0,,0
	2026-06-07T17:09:52.5777455Z,File list generation time: 0.001 seconds,,0
	2026-06-07T17:09:52.5805955Z,File list transfer time: 0.000 seconds,,0
	2026-06-07T17:09:52.5831488Z,Total bytes sent: 356,,0
	2026-06-07T17:09:52.5862120Z,Total bytes received: 53,,0
	2026-06-07T17:09:52.5887597Z,,,0
	2026-06-07T17:09:52.5988791Z,sent 356 bytes  received 53 bytes  818.00 bytes/sec,,0
	2026-06-07T17:09:52.6387469Z,total size is 6.35K  speedup is 15.52,,0
	2026-06-07T17:09:52.6683296Z,Attempt 1: Rsync for filelist /tmp//splits/split.ah completed with exit code 0,,0
	2026-06-07T17:09:52.6792905Z,,,0
	2026-06-07T17:09:52.6820624Z,Number of files: 14 (reg: 7&comma; dir: 7),,0
	2026-06-07T17:09:52.6867998Z,Number of created files: 0,,0
	2026-06-07T17:09:52.6898749Z,Number of deleted files: 0,,0
	2026-06-07T17:09:52.6931366Z,Number of regular files transferred: 3,,0
	2026-06-07T17:09:52.6968860Z,Total file size: 11.97K bytes,,0
	2026-06-07T17:09:52.6997305Z,Total transferred file size: 1.74K bytes,,0
	2026-06-07T17:09:52.7023250Z,Literal data: 1.74K bytes,,0
	2026-06-07T17:09:52.7048700Z,Matched data: 0 bytes,,0
	2026-06-07T17:09:52.7084101Z,File list size: 0,,0
	2026-06-07T17:09:52.7269192Z,File list generation time: 0.001 seconds,,0
	2026-06-07T17:09:52.7295395Z,File list transfer time: 0.000 seconds,,0
	2026-06-07T17:09:52.7320519Z,Total bytes sent: 903,,0
	2026-06-07T17:09:52.7345352Z,Total bytes received: 106,,0
	2026-06-07T17:09:52.7384111Z,,,0
	2026-06-07T17:09:52.7409025Z,sent 903 bytes  received 106 bytes  672.67 bytes/sec,,0
	2026-06-07T17:09:52.7475706Z,total size is 11.97K  speedup is 11.87,,0
	2026-06-07T17:09:52.7500732Z,Attempt 1: Rsync for filelist /tmp//splits/split.af completed with exit code 0,,0
	2026-06-07T17:09:52.7525427Z,,,0
	2026-06-07T17:09:52.7550440Z,Number of files: 16 (reg: 7&comma; dir: 9),,0
	2026-06-07T17:09:52.7582650Z,Number of created files: 4 (reg: 2&comma; dir: 2),,0
	2026-06-07T17:09:52.7610011Z,Number of deleted files: 0,,0
	2026-06-07T17:09:52.7634626Z,Number of regular files transferred: 2,,0
	2026-06-07T17:09:52.7665439Z,Total file size: 1.65K bytes,,0
	2026-06-07T17:09:52.7689332Z,Total transferred file size: 442 bytes,,0
	2026-06-07T17:09:52.7715797Z,Literal data: 442 bytes,,0
	2026-06-07T17:09:52.7739946Z,Matched data: 0 bytes,,0
	2026-06-07T17:09:52.7765731Z,File list size: 0,,0
	2026-06-07T17:09:52.7789670Z,File list generation time: 0.038 seconds,,0
	2026-06-07T17:09:52.7813299Z,File list transfer time: 0.000 seconds,,0
	2026-06-07T17:09:52.7837807Z,Total bytes sent: 1.22K,,0
	2026-06-07T17:09:52.7864487Z,Total bytes received: 96,,0
	2026-06-07T17:09:52.7889785Z,,,0
	2026-06-07T17:09:52.7916166Z,sent 1.22K bytes  received 96 bytes  878.67 bytes/sec,,0
	2026-06-07T17:09:52.7940115Z,total size is 1.65K  speedup is 1.25,,0
	2026-06-07T17:09:52.7964446Z,Attempt 1: Rsync for filelist /tmp//splits/split.ad completed with exit code 0,,0
	2026-06-07T17:09:52.7991348Z,,,0
	2026-06-07T17:09:52.8014809Z,Number of files: 16 (reg: 7&comma; dir: 9),,0
	2026-06-07T17:09:52.8888417Z,Number of created files: 2 (reg: 1&comma; dir: 1),,0
	2026-06-07T17:09:52.9281253Z,Number of deleted files: 0,,0
	2026-06-07T17:09:52.9309758Z,Number of regular files transferred: 4,,0
	2026-06-07T17:09:52.9360871Z,Total file size: 1.81K bytes,,0
	2026-06-07T17:09:52.9388468Z,Total transferred file size: 1.14K bytes,,0
	2026-06-07T17:09:52.9414454Z,Literal data: 1.14K bytes,,0
	2026-06-07T17:09:52.9439765Z,Matched data: 0 bytes,,0
	2026-06-07T17:09:52.9614056Z,File list size: 0,,0
	2026-06-07T17:09:52.9640981Z,File list generation time: 0.008 seconds,,0
	2026-06-07T17:09:52.9669843Z,File list transfer time: 0.000 seconds,,0
	2026-06-07T17:09:52.9695112Z,Total bytes sent: 1.51K,,0
	2026-06-07T17:09:52.9720957Z,Total bytes received: 128,,0
	2026-06-07T17:09:52.9763127Z,,,0
	2026-06-07T17:09:52.9793016Z,sent 1.51K bytes  received 128 bytes  1.09K bytes/sec,,0
	2026-06-07T17:09:52.9819999Z,total size is 1.81K  speedup is 1.11,,0
	2026-06-07T17:09:52.9847843Z,Attempt 1: Rsync for filelist /tmp//splits/split.ae completed with exit code 0,,0
	2026-06-07T17:09:52.9874955Z,,,0
	2026-06-07T17:09:52.9900549Z,Number of files: 16 (reg: 7&comma; dir: 9),,0
	2026-06-07T17:09:52.9928054Z,Number of created files: 6 (reg: 3&comma; dir: 3),,0
	2026-06-07T17:09:52.9965020Z,Number of deleted files: 0,,0
	2026-06-07T17:09:52.9991634Z,Number of regular files transferred: 3,,0
	2026-06-07T17:09:53.0018408Z,Total file size: 2.39K bytes,,0
	2026-06-07T17:09:53.0045473Z,Total transferred file size: 326 bytes,,0
	2026-06-07T17:09:53.0072063Z,Literal data: 326 bytes,,0
	2026-06-07T17:09:53.0270459Z,Matched data: 0 bytes,,0
	2026-06-07T17:09:53.0391824Z,File list size: 0,,0
	2026-06-07T17:09:53.0422518Z,File list generation time: 0.010 seconds,,0
	2026-06-07T17:09:53.0449824Z,File list transfer time: 0.000 seconds,,0
	2026-06-07T17:09:53.0494868Z,Total bytes sent: 1.14K,,0
	2026-06-07T17:09:53.0521408Z,Total bytes received: 112,,0
	2026-06-07T17:09:53.0548264Z,,,0
	2026-06-07T17:09:53.0604456Z,sent 1.14K bytes  received 112 bytes  837.33 bytes/sec,,0
	2026-06-07T17:09:53.0634657Z,total size is 2.39K  speedup is 1.90,,0
	2026-06-07T17:09:53.0661580Z,Attempt 1: Rsync for filelist /tmp//splits/split.ac completed with exit code 0,,0
	2026-06-07T17:09:53.0687457Z,Deleting files not present in /tmp/zipdeploy/extracted/ from /home/site/wwwroot/ based on manifest file /home/site/deployments/c37e185d-bd53-4f3b-a37d-e5403e39ce9e/manifest,,0
	2026-06-07T17:09:53.0714463Z,Number of files deleted: 0. See /tmp//rsync_deletion_logs.txt for more details.,,0
	2026-06-07T17:09:53.0740467Z,create new manifest file at /home/site/deployments/53482a84-f60e-4bc9-872a-98e920a682f4/manifest,,0
	2026-06-07T17:09:53.0769883Z,Completed successfully in 1 seconds,,0
2026-06-07T17:09:53.1963885Z,Running post deployment command(s)...,0c186800-5140-41c9-bc45-e2dc6ed0b88f,0
2026-06-07T17:09:53.2916116Z,Triggering recycle (preview mode disabled).,2e65600b-43f2-4e33-9ba3-42ee4bf64d87,0
2026-06-07T17:09:53.4580831Z,Deployment successful. deployer = Push-Deployer deploymentPath = ZipDeploy. Extract zip.,2e761547-249c-44b2-9177-cbdb06745015,0
